Microchip MPLAB XC8 Compiler V1.35 ()

Linker command line:

--edf=C:\Program Files (x86)\Microchip\xc8\v1.35\dat\en_msgs.txt -cs \
  -h+schedaMaster.sym --cmf=schedaMaster.cmf -z -Q18F2580 \
  -oC:\Users\BATTAG~1.110\AppData\Local\Temp\s5p4.2 -MschedaMaster.map -E1 \
  -ver=XC8 -ASTACK=01BDh-05ffh -pstack=STACK -ACODE=00h-07FFFh \
  -ACONST=00h-07FFFh -ASMALLCONST=0600h-06FFhx122 \
  -AMEDIUMCONST=0600h-07FFFh -ACOMRAM=01h-05Fh -AABS1=00h-05FFh \
  -ABIGRAM=01h-05FFh -ARAM=060h-0FFh,0100h-01FFhx5 -ABANK0=060h-0FFh \
  -ABANK1=0100h-01FFh -ABANK2=0200h-02FFh -ABANK3=0300h-03FFh \
  -ABANK4=0400h-04FFh -ABANK5=0500h-05FFh \
  -ASFR=0D00h-0DFFhx2,0F00h-0F5Fh,0F60h-0FFFh \
  -preset_vec=00h,intcode=08h,intcodelo,powerup,init,end_init \
  -pramtop=0600h -psmallconst=SMALLCONST -pmediumconst=MEDIUMCONST \
  -pconst=CONST -AFARRAM=00h-00h -ACONFIG=0300000h-030000Dh -pconfig=CONFIG \
  -AIDLOC=0200000h-0200007h -pidloc=IDLOC -AEEDATA=0F00000h-0F000FFh \
  -peeprom_data=EEDATA \
  -prdata=COMRAM,nvrram=COMRAM,nvbit=COMRAM,rbss=COMRAM,rbit=COMRAM \
  -pfarbss=FARRAM,fardata=FARRAM,nvFARRAM=FARRAM \
  -pintsave_regs=BIGRAM,bigbss=BIGRAM,bigdata=BIGRAM -pbss=RAM \
  -pidata=CODE,irdata=CODE,ibigdata=CODE,ifardata=CODE -prparam=COMRAM \
  startup.obj schedaMaster.obj 

Object code version is 3.11

Machine type is 18F2580

Call graph: (short form)




                Name                               Link     Load   Length Selector   Space Scale
startup.obj     end_init                             16       16        4        4       0
                reset_vec                             0        0        4        0       0
                config                           300000   300000        8   300000       0
schedaMaster.obj
                intcode                               8        8        E        4       0
                temp                                 40       40        1        1       1
                smallconst                          600      600       A2      300       0
                text38                             4B52     4B52       AE      351       0
                text37                             5042     5042       24      351       0
                text36                             501E     501E       24      351       0
                text35                             4C9E     4C9E       90      351       0
                text34                             2DAE     2DAE      568      351       0
                intcode_body                       492C     492C       C8      351       0
                text32                             467A     467A       FE      351       0
                text31                             5066     5066       1C      351       0
                text30                             457C     457C       FE      351       0
                text29                             4F4C     4F4C       3A      351       0
                text28                             50A8     50A8       10      351       0
                text27                             5082     5082       14      351       0
                text26                             4E28     4E28       58      351       0
                text25                             5096     5096       12      351       0
                text24                             4372     4372      10C      351       0
                text23                             3FCA     3FCA      14C      351       0
                text22                             4864     4864       C8      351       0
                text21                             3316     3316      268      351       0
                text20                             3D1C     3D1C      15E      351       0
                text19                             4F86     4F86       36      351       0
                text18                             4778     4778       EC      351       0
                text17                             4FEE     4FEE       30      351       0
                text16                             4FBC     4FBC       32      351       0
                text15                             37B8     37B8      1F2      351       0
                text14                             4DAC     4DAC       7C      351       0
                text13                             4ECC     4ECC       44      351       0
                text12                             4E80     4E80       4C      351       0
                text11                             4C00     4C00       9E      351       0
                text10                             4116     4116      144      351       0
                text9                              4AA4     4AA4       AE      351       0
                text8                              447E     447E       FE      351       0
                text7                              425A     425A      118      351       0
                text6                              357E     357E      23A      351       0
                text5                              3E7A     3E7A      150      351       0
                text4                              3B68     3B68      1B4      351       0
                text3                              39AA     39AA      1BE      351       0
                text2                               6A2      6A2     270C      351       0
                text1                              49F4     49F4       B0      351       0
                text0                              4D2E     4D2E       7E      351       0
                cstackCOMRAM                          1        1       2F        1       1
                cstackBANK0                          60       60       77       60       1
                cstackBANK1                         16C      16C       51      100       1
                bssBANK1                            100      100       6C      100       1
                bssBANK0                             D7       D7       1B       60       1
                bssCOMRAM                            35       35        B        1       1
                bitbssCOMRAM                        180       30       21        1       1     8
                cinit                              4F10     4F10       3C      351       0

TOTAL           Name                               Link     Load   Length     Space
        CLASS   STACK          

        CLASS   CODE           
                end_init                             16       16        4         0
                intcode                               8        8        E         0
                reset_vec                             0        0        4         0
                text38                             4B52     4B52       AE         0
                text37                             5042     5042       24         0
                text36                             501E     501E       24         0
                text35                             4C9E     4C9E       90         0
                text34                             2DAE     2DAE      568         0
                intcode_body                       492C     492C       C8         0
                text32                             467A     467A       FE         0
                text31                             5066     5066       1C         0
                text30                             457C     457C       FE         0
                text29                             4F4C     4F4C       3A         0
                text28                             50A8     50A8       10         0
                text27                             5082     5082       14         0
                text26                             4E28     4E28       58         0
                text25                             5096     5096       12         0
                text24                             4372     4372      10C         0
                text23                             3FCA     3FCA      14C         0
                text22                             4864     4864       C8         0
                text21                             3316     3316      268         0
                text20                             3D1C     3D1C      15E         0
                text19                             4F86     4F86       36         0
                text18                             4778     4778       EC         0
                text17                             4FEE     4FEE       30         0
                text16                             4FBC     4FBC       32         0
                text15                             37B8     37B8      1F2         0
                text14                             4DAC     4DAC       7C         0
                text13                             4ECC     4ECC       44         0
                text12                             4E80     4E80       4C         0
                text11                             4C00     4C00       9E         0
                text10                             4116     4116      144         0
                text9                              4AA4     4AA4       AE         0
                text8                              447E     447E       FE         0
                text7                              425A     425A      118         0
                text6                              357E     357E      23A         0
                text5                              3E7A     3E7A      150         0
                text4                              3B68     3B68      1B4         0
                text3                              39AA     39AA      1BE         0
                text2                               6A2      6A2     270C         0
                text1                              49F4     49F4       B0         0
                text0                              4D2E     4D2E       7E         0
                cinit                              4F10     4F10       3C         0

        CLASS   CONST          

        CLASS   SMALLCONST     
                smallconst                          600      600       A2         0

        CLASS   MEDIUMCONST    

        CLASS   COMRAM         
                temp                                 40       40        1         1
                cstackCOMRAM                          1        1       2F         1
                bssCOMRAM                            35       35        B         1
                bitbssCOMRAM                        180       30       21         1

        CLASS   ABS1           

        CLASS   BIGRAM         

        CLASS   RAM            

        CLASS   BANK0          
                cstackBANK0                          60       60       77         1
                bssBANK0                             D7       D7       1B         1

        CLASS   BANK1          
                cstackBANK1                         16C      16C       51         1
                bssBANK1                            100      100       6C         1

        CLASS   BANK2          

        CLASS   BANK3          

        CLASS   BANK4          

        CLASS   BANK5          

        CLASS   SFR            

        CLASS   FARRAM         

        CLASS   CONFIG         
                config                           300000   300000        8         0

        CLASS   IDLOC          

        CLASS   EEDATA         



SEGMENTS        Name                           Load    Length   Top    Selector   Space  Class

                reset_vec                      000000  000004  000004         0       0  CODE    
                cstackCOMRAM                   000001  000040  000041         1       1  COMRAM  
                intcode                        000008  000012  00001A         4       0  CODE    
                cstackBANK0                    000060  000092  0000F2        60       1  BANK0   
                bssBANK1                       000100  0000BD  0001BD       100       1  BANK1   
                smallconst                     000600  0000A2  0006A2       300       0  SMALLCON
                text2                          0006A2  004A16  0050B8       351       0  CODE    
                config                         300000  000008  300008    300000       0  CONFIG  


UNUSED ADDRESS RANGES

        Name                Unused          Largest block    Delta
        BANK0            0000F2-0000FF                E
        BANK1            0001BD-0001FF               43
        BANK2            000200-0002FF              100
        BANK3            000300-0003FF              100
        BANK4            000400-0004FF              100
        BANK5            000500-0005FF              100
        BIGRAM           000041-00005F               1F
                         0000F2-0000FF                E
                         0001BD-0005FF              443
        CODE             000004-000007                4
                         00001A-0005FF              5E6
                         0050B8-007FFF             2F48
        COMRAM           000041-00005F               1F
        CONFIG           300008-30000D                6
        CONST            000004-000007                4
                         00001A-0005FF              5E6
                         0050B8-007FFF             2F48
        EEDATA           F00000-F000FF              100
        IDLOC            200000-200007                8
        MEDIUMCONST      0050B8-007FFF             2F48
        RAM              0000F2-0000FF                E
                         0001BD-0005FF              100
        SFR              000D00-000FFF              100
        SMALLCONST       0050B8-007FFF              100
        STACK            0001BD-0005FF              443

                                  Symbol Table

?___altoft                     cstackBANK0  00006F
?___awtoft                     cstackBANK0  000068
?___ftadd                      cstackBANK0  00008A
?___ftdiv                      cstackBANK0  00007B
?___ftmul                      cstackBANK0  00006C
?___ftneg                      cstackBANK0  000096
?___ftpack                     cstackBANK0  000060
?___ftsub                      cstackBANK0  000096
?___fttol                      cstackBANK0  000060
?___lbtoft                     cstackCOMRAM 000009
?___lltoft                     cstackBANK0  000068
?___lwtoft                     cstackCOMRAM 000009
?___wmul                       cstackBANK0  000060
?_atan                         cstackBANK0  0000A2
?_canTX                        cstackBANK0  00006F
?_eval_poly                    cstackBANK0  000096
?_exp                          cstackBANK0  0000AA
?_fabs                         cstackBANK0  000099
?_floor                        cstackBANK0  0000A2
?_frexp                        cstackBANK0  000060
?_ldexp                        cstackBANK0  0000A2
?_log                          cstackBANK0  0000A2
?_pow                          cstackBANK0  0000B3
?_sqrt                         cstackBANK0  0000C4
?i2___ftpack                   cstackCOMRAM 000001
_ADCON1                        (abs)        000FC1
_BRG16                         (abs)        007DC3
_BRGCON1                       (abs)        000F70
_BRGCON2                       (abs)        000F71
_BRGCON3                       (abs)        000F72
_BRGH                          (abs)        007D62
_CANCON                        (abs)        000F6F
_CANSTAT                       (abs)        000F6E
_CIOCON                        (abs)        000F73
_D1                            smallconst   00060B
_D2                            smallconst   00060E
_GIE                           (abs)        007F97
_L                             smallconst   000611
_OSCCON                        (abs)        000FD3
_PEIE                          (abs)        007F96
_RADtoDEG                      smallconst   000614
_RCIE                          (abs)        007CED
_RCIF                          (abs)        007CF5
_RCREG                         (abs)        000FAE
_RCSTA                         (abs)        000FAB
_RXB0CON                       (abs)        000F60
_RXB0D0                        (abs)        000F66
_RXB0D1                        (abs)        000F67
_RXB0D2                        (abs)        000F68
_RXB0D3                        (abs)        000F69
_RXB0D4                        (abs)        000F6A
_RXB0D5                        (abs)        000F6B
_RXB0D6                        (abs)        000F6C
_RXB0D7                        (abs)        000F6D
_RXB0DLC                       (abs)        000F65
_RXB0FUL                       (abs)        007B07
_RXB0IE                        (abs)        007D18
_RXB0IF                        (abs)        007D20
_RXB0SIDH                      (abs)        000F61
_RXB0SIDL                      (abs)        000F62
_RXF0SIDH                      (abs)        000F00
_RXF0SIDL                      (abs)        000F01
_RXF1SIDH                      (abs)        000F04
_RXF1SIDL                      (abs)        000F05
_RXF2SIDL                      (abs)        000F09
_RXM0SIDH                      (abs)        000F18
_RXM0SIDL                      (abs)        000F19
_RXM1SIDL                      (abs)        000F1D
_SPBRG                         (abs)        000FAF
_SPBRGH                        (abs)        000FB0
_SPEN                          (abs)        007D5F
_TRISB                         (abs)        000F93
_TRISC                         (abs)        000F94
_TXB0D0                        (abs)        000F46
_TXB0D1                        (abs)        000F47
_TXB0D2                        (abs)        000F48
_TXB0D3                        (abs)        000F49
_TXB0D4                        (abs)        000F4A
_TXB0D5                        (abs)        000F4B
_TXB0D6                        (abs)        000F4C
_TXB0D7                        (abs)        000F4D
_TXB0DLC                       (abs)        000F45
_TXB0REQ                       (abs)        007A03
_TXB0SIDH                      (abs)        000F41
_TXB0SIDL                      (abs)        000F42
_TXEN                          (abs)        007D65
_TXIF                          (abs)        007CF4
_TXREG                         (abs)        000FAD
_TXSTA                         (abs)        000FAC
__CFG_DEBUG$ON                 (abs)        000000
__CFG_LVP$OFF                  (abs)        000000
__CFG_OSC$IRCIO7               (abs)        000000
__CFG_PWRT$ON                  (abs)        000000
__CFG_WDT$OFF                  (abs)        000000
__CFG_WDTPS$1                  (abs)        000000
__HRAM                         (abs)        000000
__Habs1                        abs1         000000
__Hbank0                       bank0        000000
__Hbank1                       bank1        000000
__Hbank2                       bank2        000000
__Hbank3                       bank3        000000
__Hbank4                       bank4        000000
__Hbank5                       bank5        000000
__Hbigbss                      bigbss       000000
__Hbigdata                     bigdata      000000
__Hbigram                      bigram       000000
__HbitbssCOMRAM                bitbssCOMRAM 000000
__Hbss                         bss          000000
__HbssBANK0                    bssBANK0     000000
__HbssBANK1                    bssBANK1     000000
__HbssCOMRAM                   bssCOMRAM    000000
__Hcinit                       cinit        000000
__Hclrtext                     clrtext      000000
__Hcomram                      comram       000000
__Hconfig                      config       300008
__Hconst                       const        000000
__HcstackBANK0                 cstackBANK0  000000
__HcstackBANK1                 cstackBANK1  000000
__HcstackCOMRAM                cstackCOMRAM 000000
__Hdata                        data         000000
__Heeprom_data                 eeprom_data  000000
__Hend_init                    end_init     00001A
__Hfarbss                      farbss       000000
__Hfardata                     fardata      000000
__Hibigdata                    ibigdata     000000
__Hidata                       idata        000000
__Hidloc                       idloc        000000
__Hifardata                    ifardata     000000
__Hinit                        init         000016
__Hintcode                     intcode      000016
__Hintcode_body                intcode_body 000000
__Hintcodelo                   intcodelo    000016
__Hintentry                    intentry     000000
__Hintret                      intret       000000
__Hintsave_regs                intsave_regs 000000
__Hirdata                      irdata       000000
__Hmediumconst                 mediumconst  000000
__HnvFARRAM                    nvFARRAM     000000
__Hnvbit                       nvbit        000000
__Hnvrram                      nvrram       000000
__Hparam                       rparam       000000
__Hpowerup                     powerup      000016
__Hram                         ram          000000
__Hramtop                      ramtop       000600
__Hrbit                        rbit         000000
__Hrbss                        rbss         000000
__Hrdata                       rdata        000000
__Hreset_vec                   reset_vec    000004
__Hrparam                      rparam       000000
__Hsfr                         sfr          000000
__Hsmallconst                  smallconst   0006A2
__Hspace_0                     (abs)        300008
__Hspace_1                     (abs)        0001BD
__Hspace_2                     (abs)        000000
__Hstack                       stack        000000
__Hstruct                      struct       000000
__Htemp                        temp         000041
__Htext                        text         000000
__Htext0                       text0        000000
__Htext1                       text1        000000
__Htext10                      text10       000000
__Htext11                      text11       000000
__Htext12                      text12       000000
__Htext13                      text13       000000
__Htext14                      text14       000000
__Htext15                      text15       000000
__Htext16                      text16       000000
__Htext17                      text17       000000
__Htext18                      text18       000000
__Htext19                      text19       000000
__Htext2                       text2        000000
__Htext20                      text20       000000
__Htext21                      text21       000000
__Htext22                      text22       000000
__Htext23                      text23       000000
__Htext24                      text24       000000
__Htext25                      text25       000000
__Htext26                      text26       000000
__Htext27                      text27       000000
__Htext28                      text28       000000
__Htext29                      text29       000000
__Htext3                       text3        000000
__Htext30                      text30       000000
__Htext31                      text31       000000
__Htext32                      text32       000000
__Htext34                      text34       000000
__Htext35                      text35       000000
__Htext36                      text36       000000
__Htext37                      text37       000000
__Htext38                      text38       000000
__Htext4                       text4        000000
__Htext5                       text5        000000
__Htext6                       text6        000000
__Htext7                       text7        000000
__Htext8                       text8        000000
__Htext9                       text9        000000
__LRAM                         (abs)        000001
__Labs1                        abs1         000000
__Lbank0                       bank0        000000
__Lbank1                       bank1        000000
__Lbank2                       bank2        000000
__Lbank3                       bank3        000000
__Lbank4                       bank4        000000
__Lbank5                       bank5        000000
__Lbigbss                      bigbss       000000
__Lbigdata                     bigdata      000000
__Lbigram                      bigram       000000
__LbitbssCOMRAM                bitbssCOMRAM 000000
__Lbss                         bss          000000
__LbssBANK0                    bssBANK0     000000
__LbssBANK1                    bssBANK1     000000
__LbssCOMRAM                   bssCOMRAM    000000
__Lcinit                       cinit        000000
__Lclrtext                     clrtext      000000
__Lcomram                      comram       000000
__Lconfig                      config       300000
__Lconst                       const        000000
__LcstackBANK0                 cstackBANK0  000000
__LcstackBANK1                 cstackBANK1  000000
__LcstackCOMRAM                cstackCOMRAM 000000
__Ldata                        data         000000
__Leeprom_data                 eeprom_data  000000
__Lend_init                    end_init     000016
__Lfarbss                      farbss       000000
__Lfardata                     fardata      000000
__Libigdata                    ibigdata     000000
__Lidata                       idata        000000
__Lidloc                       idloc        000000
__Lifardata                    ifardata     000000
__Linit                        init         000016
__Lintcode                     intcode      000008
__Lintcode_body                intcode_body 000000
__Lintcodelo                   intcodelo    000016
__Lintentry                    intentry     000000
__Lintret                      intret       000000
__Lintsave_regs                intsave_regs 000000
__Lirdata                      irdata       000000
__Lmediumconst                 mediumconst  000000
__LnvFARRAM                    nvFARRAM     000000
__Lnvbit                       nvbit        000000
__Lnvrram                      nvrram       000000
__Lparam                       rparam       000000
__Lpowerup                     powerup      000016
__Lram                         ram          000000
__Lramtop                      ramtop       000600
__Lrbit                        rbit         000000
__Lrbss                        rbss         000000
__Lrdata                       rdata        000000
__Lreset_vec                   reset_vec    000000
__Lrparam                      rparam       000000
__Lsfr                         sfr          000000
__Lsmallconst                  smallconst   000600
__Lspace_0                     (abs)        000000
__Lspace_1                     (abs)        000000
__Lspace_2                     (abs)        000000
__Lstack                       stack        000000
__Lstruct                      struct       000000
__Ltemp                        temp         000040
__Ltext                        text         000000
__Ltext0                       text0        000000
__Ltext1                       text1        000000
__Ltext10                      text10       000000
__Ltext11                      text11       000000
__Ltext12                      text12       000000
__Ltext13                      text13       000000
__Ltext14                      text14       000000
__Ltext15                      text15       000000
__Ltext16                      text16       000000
__Ltext17                      text17       000000
__Ltext18                      text18       000000
__Ltext19                      text19       000000
__Ltext2                       text2        000000
__Ltext20                      text20       000000
__Ltext21                      text21       000000
__Ltext22                      text22       000000
__Ltext23                      text23       000000
__Ltext24                      text24       000000
__Ltext25                      text25       000000
__Ltext26                      text26       000000
__Ltext27                      text27       000000
__Ltext28                      text28       000000
__Ltext29                      text29       000000
__Ltext3                       text3        000000
__Ltext30                      text30       000000
__Ltext31                      text31       000000
__Ltext32                      text32       000000
__Ltext34                      text34       000000
__Ltext35                      text35       000000
__Ltext36                      text36       000000
__Ltext37                      text37       000000
__Ltext38                      text38       000000
__Ltext4                       text4        000000
__Ltext5                       text5        000000
__Ltext6                       text6        000000
__Ltext7                       text7        000000
__Ltext8                       text8        000000
__Ltext9                       text9        000000
__S0                           (abs)        300008
__S1                           (abs)        0001BD
__S2                           (abs)        000000
___altoft                      text11       004C00
___altoft@c                    cstackBANK0  00006F
___altoft@exp                  cstackBANK0  000077
___altoft@sign                 cstackBANK0  000078
___awtoft                      text13       004ECC
___awtoft@c                    cstackBANK0  000068
___awtoft@sign                 cstackBANK0  00006B
___ftadd                       text21       003316
___ftadd@exp1                  cstackBANK0  000095
___ftadd@exp2                  cstackBANK0  000094
___ftadd@f1                    cstackBANK0  00008A
___ftadd@f2                    cstackBANK0  00008D
___ftadd@sign                  cstackBANK0  000093
___ftdiv                       text23       003FCA
___ftdiv@cntr                  cstackBANK0  000084
___ftdiv@exp                   cstackBANK0  000088
___ftdiv@f1                    cstackBANK0  00007B
___ftdiv@f2                    cstackBANK0  00007E
___ftdiv@f3                    cstackBANK0  000085
___ftdiv@sign                  cstackBANK0  000089
___ftge                        text22       004864
___ftge@ff1                    cstackBANK0  000099
___ftge@ff2                    cstackBANK0  00009C
___ftmul                       text20       003D1C
___ftmul@cntr                  cstackBANK0  000079
___ftmul@exp                   cstackBANK0  000075
___ftmul@f1                    cstackBANK0  00006C
___ftmul@f2                    cstackBANK0  00006F
___ftmul@f3_as_product         cstackBANK0  000076
___ftmul@sign                  cstackBANK0  00007A
___ftneg                       text17       004FEE
___ftneg@f1                    cstackBANK0  000096
___ftpack                      text24       004372
___ftpack@arg                  cstackBANK0  000060
___ftpack@exp                  cstackBANK0  000063
___ftpack@sign                 cstackBANK0  000064
___ftsub                       text12       004E80
___ftsub@f1                    cstackBANK0  000096
___ftsub@f2                    cstackBANK0  000099
___fttol                       text10       004116
___fttol@exp1                  cstackBANK0  00006E
___fttol@f1                    cstackBANK0  000060
___fttol@lval                  cstackBANK0  00006A
___fttol@sign1                 cstackBANK0  000069
___inthi_sp                    stack        000000
___intlo_sp                    stack        000000
___lbtoft                      text37       005042
___lbtoft@c                    cstackCOMRAM 00000C
___lltoft                      text14       004DAC
___lltoft@c                    cstackBANK0  000068
___lltoft@exp                  cstackBANK0  000070
___lwtoft                      text36       00501E
___lwtoft@c                    cstackCOMRAM 000009
___param_bank                  (abs)        000010
___rparam_used                 (abs)        000001
___sp                          stack        000000
___wmul                        text19       004F86
___wmul@multiplicand           cstackBANK0  000062
___wmul@multiplier             cstackBANK0  000060
___wmul@product                cstackBANK0  000064
__accesstop                    (abs)        000060
__activetblptr                 (abs)        000002
__end_of_D1                    smallconst   00060E
__end_of_D2                    smallconst   000611
__end_of_L                     smallconst   000614
__end_of_RADtoDEG              smallconst   000617
__end_of___altoft              text11       004C9E
__end_of___awtoft              text13       004F10
__end_of___ftadd               text21       00357E
__end_of___ftdiv               text23       004116
__end_of___ftge                text22       00492C
__end_of___ftmul               text20       003E7A
__end_of___ftneg               text17       00501E
__end_of___ftpack              text24       00447E
__end_of___ftsub               text12       004ECC
__end_of___fttol               text10       00425A
__end_of___lbtoft              text37       005066
__end_of___lltoft              text14       004E28
__end_of___lwtoft              text36       005042
__end_of___wmul                text19       004FBC
__end_of__initialization       cinit        004F3E
__end_of_atan                  text15       0039AA
__end_of_bluetoothRX           text32       004778
__end_of_bluetoothSetup        text31       005082
__end_of_cameraRoutine         text29       004F86
__end_of_canConfigMode         text28       0050B8
__end_of_canNormalMode         text27       005096
__end_of_canRX                 text34       003316
__end_of_canSetup              text26       004E80
__end_of_canTX                 text30       00467A
__end_of_dpowers               smallconst   00060B
__end_of_eval_poly             text18       004864
__end_of_exp                   text6        0037B8
__end_of_fabs                  text16       004FEE
__end_of_floor                 text8        00457C
__end_of_frexp                 text9        004B52
__end_of_gradiBit              smallconst   000677
__end_of_ldexp                 text7        004372
__end_of_log                   text5        003FCA
__end_of_main                  text0        004DAC
__end_of_maxVel                smallconst   00061A
__end_of_my_ISR                intcode_body 0049F4
__end_of_picSetup              text25       0050A8
__end_of_pigreco               smallconst   00067A
__end_of_pow                   text4        003D1C
__end_of_ruoteRoutine          text2        002DAE
__end_of_sqrt                  text3        003B68
__end_of_trapanoRoutine        text1        004AA4
__end_ofatan@coeff_a           smallconst   000665
__end_ofatan@coeff_b           smallconst   000674
__end_ofexp@coeff              smallconst   000638
__end_ofi2___ftge              text35       004D2E
__end_ofi2___ftpack            text38       004C00
__end_oflog@coeff              smallconst   000653
__initialization               cinit        004F10
__mediumconst                  mediumconst  000000
__pbitbssCOMRAM                bitbssCOMRAM 000180
__pbssBANK0                    bssBANK0     0000D7
__pbssBANK1                    bssBANK1     000100
__pbssCOMRAM                   bssCOMRAM    000035
__pcinit                       cinit        004F10
__pcstackBANK0                 cstackBANK0  000060
__pcstackBANK1                 cstackBANK1  00016C
__pcstackCOMRAM                cstackCOMRAM 000001
__pintcode                     intcode      000008
__pintcode_body                intcode_body 00492C
__psmallconst                  smallconst   000600
__ptext0                       text0        004D2E
__ptext1                       text1        0049F4
__ptext10                      text10       004116
__ptext11                      text11       004C00
__ptext12                      text12       004E80
__ptext13                      text13       004ECC
__ptext14                      text14       004DAC
__ptext15                      text15       0037B8
__ptext16                      text16       004FBC
__ptext17                      text17       004FEE
__ptext18                      text18       004778
__ptext19                      text19       004F86
__ptext2                       text2        0006A2
__ptext20                      text20       003D1C
__ptext21                      text21       003316
__ptext22                      text22       004864
__ptext23                      text23       003FCA
__ptext24                      text24       004372
__ptext25                      text25       005096
__ptext26                      text26       004E28
__ptext27                      text27       005082
__ptext28                      text28       0050A8
__ptext29                      text29       004F4C
__ptext3                       text3        0039AA
__ptext30                      text30       00457C
__ptext31                      text31       005066
__ptext32                      text32       00467A
__ptext34                      text34       002DAE
__ptext35                      text35       004C9E
__ptext36                      text36       00501E
__ptext37                      text37       005042
__ptext38                      text38       004B52
__ptext4                       text4        003B68
__ptext5                       text5        003E7A
__ptext6                       text6        00357E
__ptext7                       text7        00425A
__ptext8                       text8        00447E
__ptext9                       text9        004AA4
__ramtop                       ramtop       000600
__size_of___altoft             (abs)        000000
__size_of___awtoft             (abs)        000000
__size_of___ftadd              (abs)        000000
__size_of___ftdiv              (abs)        000000
__size_of___ftge               (abs)        000000
__size_of___ftmul              (abs)        000000
__size_of___ftneg              (abs)        000000
__size_of___ftpack             (abs)        000000
__size_of___ftsub              (abs)        000000
__size_of___fttol              (abs)        000000
__size_of___lbtoft             (abs)        000000
__size_of___lltoft             (abs)        000000
__size_of___lwtoft             (abs)        000000
__size_of___wmul               (abs)        000000
__size_of_atan                 (abs)        000000
__size_of_bluetoothRX          (abs)        000000
__size_of_bluetoothSetup       (abs)        000000
__size_of_cameraRoutine        (abs)        000000
__size_of_canConfigMode        (abs)        000000
__size_of_canNormalMode        (abs)        000000
__size_of_canRX                (abs)        000000
__size_of_canSetup             (abs)        000000
__size_of_canTX                (abs)        000000
__size_of_eval_poly            (abs)        000000
__size_of_exp                  (abs)        000000
__size_of_fabs                 (abs)        000000
__size_of_floor                (abs)        000000
__size_of_frexp                (abs)        000000
__size_of_ldexp                (abs)        000000
__size_of_log                  (abs)        000000
__size_of_main                 (abs)        000000
__size_of_my_ISR               (abs)        000000
__size_of_picSetup             (abs)        000000
__size_of_pow                  (abs)        000000
__size_of_ruoteRoutine         (abs)        000000
__size_of_sqrt                 (abs)        000000
__size_of_trapanoRoutine       (abs)        000000
__size_ofi2___ftge             (abs)        000000
__size_ofi2___ftpack           (abs)        000000
__smallconst                   smallconst   000600
_alimentazione_online          bitbssCOMRAM 000180
_atan                          text15       0037B8
_bluetoothRX                   text32       00467A
_bluetoothSetup                text31       005066
_bufferDataRX                  bssBANK0     0000D7
_cameraData_NEW                bitbssCOMRAM 000181
_cameraRoutine                 text29       004F4C
_cameraXY                      bssCOMRAM    000035
_camera_online                 bitbssCOMRAM 000182
_canConfigMode                 text28       0050A8
_canNormalMode                 text27       005082
_canRX                         text34       002DAE
_canSetup                      text26       004E28
_canTX                         text30       00457C
_cassetto                      bssCOMRAM    000039
_cassetto_online               bitbssCOMRAM 000183
_console_cassetto              bssBANK0     0000EC
_console_distanzaRuote         bssBANK1     000168
_console_inclinazioneCamera    bssBANK0     0000ED
_console_posizioneTrapano      bssBANK0     0000EE
_console_puntaTrapano          bssBANK0     0000EF
_console_raggioRuote           bssBANK1     00016A
_console_rotazioneCamera       bssBANK0     0000F0
_console_rotazioneTrapano      bssBANK0     0000F1
_console_velocitaRuote         bssBANK1     000166
_errno                         bssBANK0     0000EA
_eval_poly                     text18       004778
_exp                           text6        00357E
_exp$980                       cstackBANK0  0000AD
_fabs                          text16       004FBC
_floor                         text8        00447E
_frexp                         text9        004AA4
_gradiBit                      smallconst   000674
_i                             bssCOMRAM    00003A
_k                             bssCOMRAM    00003B
_ldexp                         text7        00425A
_log                           text5        003E7A
_main                          text0        004D2E
_maxVel                        smallconst   000617
_mov1_online                   bitbssCOMRAM 000184
_mov2_online                   bitbssCOMRAM 000185
_mov3_online                   bitbssCOMRAM 000186
_mov4_online                   bitbssCOMRAM 000187
_mov5_online                   bitbssCOMRAM 000188
_mov6_online                   bitbssCOMRAM 000189
_my_ISR                        intcode      000008
_periferiche_CameraXY          bssCOMRAM    000037
_periferiche_Cassetto          bssCOMRAM    00003C
_periferiche_Ruote             bssBANK1     00013C
_periferiche_Trapano           bssCOMRAM    00003D
_periferiche_statoBatterie     bssCOMRAM    00003E
_picSetup                      text25       005096
_pigreco                       smallconst   000677
_posizioneCameraX              bitbssCOMRAM 00018A
_posizioneCameraY              bitbssCOMRAM 00018B
_posizioneCassetto             bitbssCOMRAM 00018C
_posizioneMov1                 bitbssCOMRAM 00018D
_posizioneMov2                 bitbssCOMRAM 00018E
_posizioneMov3                 bitbssCOMRAM 00018F
_posizioneMov4                 bitbssCOMRAM 000190
_posizioneMov5                 bitbssCOMRAM 000191
_posizioneMov6                 bitbssCOMRAM 000192
_posizioneRot1                 bitbssCOMRAM 000193
_posizioneRot3                 bitbssCOMRAM 000194
_posizioneRot4                 bitbssCOMRAM 000195
_posizioneRot6                 bitbssCOMRAM 000196
_posizioneTrapano              bitbssCOMRAM 000197
_pow                           text4        003B68
_pow$978                       cstackBANK0  0000B9
_pow$979                       cstackBANK0  0000BC
_rot1_online                   bitbssCOMRAM 000198
_rot3_online                   bitbssCOMRAM 000199
_rot4_online                   bitbssCOMRAM 00019A
_rot6_online                   bitbssCOMRAM 00019B
_ruote                         bssBANK1     000100
_ruoteData_NEW                 bitbssCOMRAM 00019C
_ruoteRoutine                  text2        0006A2
_ruoteRoutine$268              cstackBANK1  000172
_ruoteRoutine$269              cstackBANK1  000175
_ruoteRoutine$270              cstackBANK1  000178
_ruoteRoutine$271              cstackBANK1  00017B
_ruoteRoutine$272              cstackBANK1  00017E
_ruoteRoutine$273              cstackBANK1  000181
_ruoteRoutine$274              cstackBANK1  000184
_ruoteRoutine$275              cstackBANK1  000187
_ruoteRoutine$967              cstackBANK1  0001A5
_ruoteRoutine$968              cstackBANK1  0001B4
_ruoteRoutine$969              cstackBANK1  0001B7
_ruoteRoutine$970              cstackBANK1  0001BA
_ruoteRoutine$971              cstackBANK1  00016C
_ruoteRoutine$972              cstackBANK1  00016F
_ruoteRoutine$973              cstackBANK1  0001A8
_ruoteRoutine$974              cstackBANK1  0001AB
_ruoteRoutine$975              cstackBANK1  0001AE
_ruoteRoutine$976              cstackBANK1  00018D
_ruoteRoutine$977              cstackBANK1  0001B1
_sensori_online                bitbssCOMRAM 00019D
_serialData_NEW                bitbssCOMRAM 00019E
_sqrt                          text3        0039AA
_trapano                       bssCOMRAM    00003F
_trapanoData_NEW               bitbssCOMRAM 00019F
_trapanoRoutine                text1        0049F4
_trapano_online                bitbssCOMRAM 0001A0
atan@coeff_a                   smallconst   000653
atan@coeff_b                   smallconst   000665
atan@f                         cstackBANK0  0000A2
atan@recip                     cstackBANK0  0000AB
atan@val                       cstackBANK0  0000AF
atan@val_squared               cstackBANK0  0000AC
atan@x                         cstackBANK0  0000A8
atan@y                         cstackBANK0  0000A5
bluetoothRX@RXdato1            cstackBANK0  000064
bluetoothRX@RXdato2            cstackBANK0  000063
bluetoothRX@RXdato3            cstackBANK0  000062
bluetoothRX@n                  cstackBANK0  000061
btemp                          temp         000040
canRX@DLC                      cstackCOMRAM 000021
canRX@ID                       cstackCOMRAM 000018
canRX@canRX                    cstackCOMRAM 000019
canTX@ap                       cstackBANK0  00007F
canTX@nData                    cstackBANK0  00006F
end_of_initialization          cinit        004F3E
eval_poly@d                    cstackBANK0  000099
eval_poly@n                    cstackBANK0  00009B
eval_poly@res                  cstackBANK0  00009F
eval_poly@x                    cstackBANK0  000096
exp@coeff                      smallconst   00061A
exp@exponent                   cstackBANK0  0000B0
exp@sign                       cstackBANK0  0000B2
exp@x                          cstackBANK0  0000AA
fabs@d                         cstackBANK0  000099
floor@expon                    cstackBANK0  0000A8
floor@i                        cstackBANK0  0000A5
floor@x                        cstackBANK0  0000A2
frexp@eptr                     cstackBANK0  000063
frexp@value                    cstackBANK0  000060
i2___ftge                      text35       004C9E
i2___ftge@ff1                  cstackCOMRAM 00000D
i2___ftge@ff2                  cstackCOMRAM 000010
i2___ftpack                    text38       004B52
i2___ftpack@arg                cstackCOMRAM 000001
i2___ftpack@exp                cstackCOMRAM 000004
i2___ftpack@sign               cstackCOMRAM 000005
int$flags                      temp         000040
int_func                       intcode_body 00492C
intlevel0                      text         000000
intlevel1                      text         000000
intlevel2                      text         000000
intlevel3                      text         000000
ldexp@newexp                   cstackBANK0  0000A5
ldexp@value                    cstackBANK0  0000A2
log@coeff                      smallconst   000638
log@exponent                   cstackBANK0  0000A5
log@x                          cstackBANK0  0000A2
pow@sign                       cstackBANK0  0000BF
pow@x                          cstackBANK0  0000B3
pow@y                          cstackBANK0  0000B6
pow@yi                         cstackBANK0  0000C0
ruoteRoutine@dICR_R            cstackBANK1  000190
ruoteRoutine@massimaDistanza   cstackBANK1  0001A2
ruoteRoutine@velocitaMovimento cstackBANK1  00018A
sqrt@a                         cstackBANK0  0000C4
sqrt@i                         cstackBANK0  0000D0
sqrt@og                        cstackBANK0  0000CA
sqrt@q                         cstackBANK0  0000D1
sqrt@x                         cstackBANK0  0000D4
sqrt@z                         cstackBANK0  0000CD
stackhi                        (abs)        0005FF
stacklo                        (abs)        0001BD
start                          init         000016
start_initialization           cinit        004F10


FUNCTION INFORMATION:

 *************** function _main *****************
 Defined at:
		line 19 in file "C:\Users\battaglino.11077\Desktop\Software_SchedaMaster v.2\schedaMaster.c"
 Parameters:    Size  Location     Type
		None
 Auto vars:     Size  Location     Type
		None
 Return value:  Size  Location     Type
		None               void
 Registers used:
		wreg, fsr2l, fsr2h, status,2, status,0, tblptrl, tblptrh, tblptru, prodl, prodh, cstack
 Tracked objects:
		On entry : 
		On exit  : 
		Unchanged: 
 Data sizes:     COMRAM   BANK0   BANK1   BANK2   BANK3   BANK4   BANK5
      Params:         0       0       0       0       0       0       0
      Locals:         0       0       0       0       0       0       0
      Temps:          0       0       0       0       0       0       0
      Totals:         0       0       0       0       0       0       0
Total ram usage:        0 bytes
 Hardware stack levels required when called:   10
 This function calls:
		_bluetoothRX
		_bluetoothSetup
		_cameraRoutine
		_canSetup
		_canTX
		_picSetup
		_ruoteRoutine
		_trapanoRoutine
 This function is called by:
		Startup code after reset
 This function uses a non-reentrant model


 *************** function _trapanoRoutine *****************
 Defined at:
		line 89 in file "C:\Users\battaglino.11077\Desktop\Software_SchedaMaster v.2\schedaMaster.c"
 Parameters:    Size  Location     Type
		None
 Auto vars:     Size  Location     Type
		None
 Return value:  Size  Location     Type
		None               void
 Registers used:
		wreg, fsr2l, fsr2h, status,2, status,0, cstack
 Tracked objects:
		On entry : 
		On exit  : 
		Unchanged: 
 Data sizes:     COMRAM   BANK0   BANK1   BANK2   BANK3   BANK4   BANK5
      Params:         0       0       0       0       0       0       0
      Locals:         0       0       0       0       0       0       0
      Temps:          0       3       0       0       0       0       0
      Totals:         0       3       0       0       0       0       0
Total ram usage:        3 bytes
 Hardware stack levels used:    1
 Hardware stack levels required when called:    5
 This function calls:
		_canTX
 This function is called by:
		_main
 This function uses a non-reentrant model


 *************** function _ruoteRoutine *****************
 Defined at:
		line 116 in file "C:\Users\battaglino.11077\Desktop\Software_SchedaMaster v.2\schedaMaster.c"
 Parameters:    Size  Location     Type
		None
 Auto vars:     Size  Location     Type
  dICR_R         18   36[BANK1 ] float [6]
  massimaDista    3   54[BANK1 ] float 
  velocitaMovi    3   30[BANK1 ] float 
 Return value:  Size  Location     Type
		None               void
 Registers used:
		wreg, fsr2l, fsr2h, status,2, status,0, tblptrl, tblptrh, tblptru, prodl, prodh, cstack
 Tracked objects:
		On entry : 
		On exit  : 
		Unchanged: 
 Data sizes:     COMRAM   BANK0   BANK1   BANK2   BANK3   BANK4   BANK5
      Params:         0       0       0       0       0       0       0
      Locals:         0       0      81       0       0       0       0
      Temps:          0       0       0       0       0       0       0
      Totals:         0       0      81       0       0       0       0
Total ram usage:       81 bytes
 Hardware stack levels used:    1
 Hardware stack levels required when called:    9
 This function calls:
		___awtoft
		___ftadd
		___ftdiv
		___ftge
		___ftmul
		___ftneg
		___fttol
		_atan
		_canTX
		_pow
		_sqrt
 This function is called by:
		_main
 This function uses a non-reentrant model


 *************** function _sqrt *****************
 Defined at:
		line 9 in file "C:\Program Files (x86)\Microchip\xc8\v1.35\sources\common\sprcsqrt.c"
 Parameters:    Size  Location     Type
  a               3  100[BANK0 ] float 
 Auto vars:     Size  Location     Type
  x               3  116[BANK0 ] float 
  q               3  113[BANK0 ] float 
  z               3  109[BANK0 ] float 
  og              3  106[BANK0 ] float 
  i               1  112[BANK0 ] unsigned char 
 Return value:  Size  Location     Type
                  3  100[BANK0 ] unsigned char 
 Registers used:
		wreg, status,2, status,0, cstack
 Tracked objects:
		On entry : 
		On exit  : 
		Unchanged: 
 Data sizes:     COMRAM   BANK0   BANK1   BANK2   BANK3   BANK4   BANK5
      Params:         0       3       0       0       0       0       0
      Locals:         0      13       0       0       0       0       0
      Temps:          0       3       0       0       0       0       0
      Totals:         0      19       0       0       0       0       0
Total ram usage:       19 bytes
 Hardware stack levels used:    1
 Hardware stack levels required when called:    7
 This function calls:
		___ftge
		___ftmul
		___ftsub
 This function is called by:
		_ruoteRoutine
 This function uses a non-reentrant model


 *************** function _pow *****************
 Defined at:
		line 5 in file "C:\Program Files (x86)\Microchip\xc8\v1.35\sources\common\pow.c"
 Parameters:    Size  Location     Type
  x               3   83[BANK0 ] unsigned char 
  y               3   86[BANK0 ] unsigned char 
 Auto vars:     Size  Location     Type
  yi              4   96[BANK0 ] unsigned long 
  sign            1   95[BANK0 ] unsigned char 
 Return value:  Size  Location     Type
                  3   83[BANK0 ] unsigned char 
 Registers used:
		wreg, fsr2l, fsr2h, status,2, status,0, tblptrl, tblptrh, tblptru, prodl, prodh, cstack
 Tracked objects:
		On entry : 
		On exit  : 
		Unchanged: 
 Data sizes:     COMRAM   BANK0   BANK1   BANK2   BANK3   BANK4   BANK5
      Params:         0       6       0       0       0       0       0
      Locals:         0      11       0       0       0       0       0
      Temps:          0       0       0       0       0       0       0
      Totals:         0      17       0       0       0       0       0
Total ram usage:       17 bytes
 Hardware stack levels used:    1
 Hardware stack levels required when called:    8
 This function calls:
		___ftge
		___ftmul
		___ftneg
		___fttol
		___lltoft
		_exp
		_log
 This function is called by:
		_ruoteRoutine
 This function uses a non-reentrant model


 *************** function _log *****************
 Defined at:
		line 5 in file "C:\Program Files (x86)\Microchip\xc8\v1.35\sources\common\log.c"
 Parameters:    Size  Location     Type
  x               3   66[BANK0 ] unsigned char 
 Auto vars:     Size  Location     Type
  exponent        2   69[BANK0 ] int 
 Return value:  Size  Location     Type
                  3   66[BANK0 ] int 
 Registers used:
		wreg, fsr2l, fsr2h, status,2, status,0, tblptrl, tblptrh, tblptru, prodl, prodh, cstack
 Tracked objects:
		On entry : 
		On exit  : 
		Unchanged: 
 Data sizes:     COMRAM   BANK0   BANK1   BANK2   BANK3   BANK4   BANK5
      Params:         0       3       0       0       0       0       0
      Locals:         0       2       0       0       0       0       0
      Temps:          0       0       0       0       0       0       0
      Totals:         0       5       0       0       0       0       0
Total ram usage:        5 bytes
 Hardware stack levels used:    1
 Hardware stack levels required when called:    7
 This function calls:
		___awtoft
		___ftadd
		___ftmul
		_eval_poly
		_frexp
 This function is called by:
		_pow
 This function uses a non-reentrant model


 *************** function _exp *****************
 Defined at:
		line 12 in file "C:\Program Files (x86)\Microchip\xc8\v1.35\sources\common\exp.c"
 Parameters:    Size  Location     Type
  x               3   74[BANK0 ] int 
 Auto vars:     Size  Location     Type
  exponent        2   80[BANK0 ] int 
  sign            1   82[BANK0 ] unsigned char 
 Return value:  Size  Location     Type
                  3   74[BANK0 ] unsigned char 
 Registers used:
		wreg, fsr2l, fsr2h, status,2, status,0, tblptrl, tblptrh, tblptru, prodl, prodh, cstack
 Tracked objects:
		On entry : 
		On exit  : 
		Unchanged: 
 Data sizes:     COMRAM   BANK0   BANK1   BANK2   BANK3   BANK4   BANK5
      Params:         0       3       0       0       0       0       0
      Locals:         0       6       0       0       0       0       0
      Temps:          0       0       0       0       0       0       0
      Totals:         0       9       0       0       0       0       0
Total ram usage:        9 bytes
 Hardware stack levels used:    1
 Hardware stack levels required when called:    7
 This function calls:
		___awtoft
		___ftdiv
		___ftge
		___ftmul
		___ftneg
		___ftsub
		___fttol
		_eval_poly
		_floor
		_ldexp
 This function is called by:
		_pow
 This function uses a non-reentrant model


 *************** function _ldexp *****************
 Defined at:
		line 277 in file "C:\Program Files (x86)\Microchip\xc8\v1.35\sources\common\frexp.c"
 Parameters:    Size  Location     Type
  value           3   66[BANK0 ] unsigned char 
  newexp          2   69[BANK0 ] int 
 Auto vars:     Size  Location     Type
		None
 Return value:  Size  Location     Type
                  3   66[BANK0 ] int 
 Registers used:
		wreg, status,2, status,0
 Tracked objects:
		On entry : 
		On exit  : 
		Unchanged: 
 Data sizes:     COMRAM   BANK0   BANK1   BANK2   BANK3   BANK4   BANK5
      Params:         0       5       0       0       0       0       0
      Locals:         0       0       0       0       0       0       0
      Temps:          0       2       0       0       0       0       0
      Totals:         0       7       0       0       0       0       0
Total ram usage:        7 bytes
 Hardware stack levels used:    1
 Hardware stack levels required when called:    4
 This function calls:
		Nothing
 This function is called by:
		_exp
 This function uses a non-reentrant model


 *************** function _floor *****************
 Defined at:
		line 13 in file "C:\Program Files (x86)\Microchip\xc8\v1.35\sources\common\floor.c"
 Parameters:    Size  Location     Type
  x               3   66[BANK0 ] int 
 Auto vars:     Size  Location     Type
  i               3   69[BANK0 ] int 
  expon           2   72[BANK0 ] int 
 Return value:  Size  Location     Type
                  3   66[BANK0 ] int 
 Registers used:
		wreg, fsr2l, fsr2h, status,2, status,0, cstack
 Tracked objects:
		On entry : 
		On exit  : 
		Unchanged: 
 Data sizes:     COMRAM   BANK0   BANK1   BANK2   BANK3   BANK4   BANK5
      Params:         0       3       0       0       0       0       0
      Locals:         0       5       0       0       0       0       0
      Temps:          0       0       0       0       0       0       0
      Totals:         0       8       0       0       0       0       0
Total ram usage:        8 bytes
 Hardware stack levels used:    1
 Hardware stack levels required when called:    6
 This function calls:
		___altoft
		___ftadd
		___ftge
		___fttol
		_frexp
 This function is called by:
		_exp
 This function uses a non-reentrant model


 *************** function _frexp *****************
 Defined at:
		line 254 in file "C:\Program Files (x86)\Microchip\xc8\v1.35\sources\common\frexp.c"
 Parameters:    Size  Location     Type
  value           3    0[BANK0 ] int 
  eptr            2    3[BANK0 ] PTR int 
		 -> log@exponent(2), floor@expon(2), 
 Auto vars:     Size  Location     Type
		None
 Return value:  Size  Location     Type
                  3    0[BANK0 ] PTR int 
 Registers used:
		wreg, fsr2l, fsr2h, status,2, status,0
 Tracked objects:
		On entry : 
		On exit  : 
		Unchanged: 
 Data sizes:     COMRAM   BANK0   BANK1   BANK2   BANK3   BANK4   BANK5
      Params:         0       5       0       0       0       0       0
      Locals:         0       0       0       0       0       0       0
      Temps:          0       2       0       0       0       0       0
      Totals:         0       7       0       0       0       0       0
Total ram usage:        7 bytes
 Hardware stack levels used:    1
 Hardware stack levels required when called:    4
 This function calls:
		Nothing
 This function is called by:
		_floor
		_log
 This function uses a non-reentrant model


 *************** function ___fttol *****************
 Defined at:
		line 44 in file "C:\Program Files (x86)\Microchip\xc8\v1.35\sources\common\fttol.c"
 Parameters:    Size  Location     Type
  f1              3    0[BANK0 ] float 
 Auto vars:     Size  Location     Type
  lval            4   10[BANK0 ] unsigned long 
  exp1            1   14[BANK0 ] unsigned char 
  sign1           1    9[BANK0 ] unsigned char 
 Return value:  Size  Location     Type
                  4    0[BANK0 ] long 
 Registers used:
		wreg, status,2, status,0
 Tracked objects:
		On entry : 
		On exit  : 
		Unchanged: 
 Data sizes:     COMRAM   BANK0   BANK1   BANK2   BANK3   BANK4   BANK5
      Params:         0       4       0       0       0       0       0
      Locals:         0       6       0       0       0       0       0
      Temps:          0       5       0       0       0       0       0
      Totals:         0      15       0       0       0       0       0
Total ram usage:       15 bytes
 Hardware stack levels used:    1
 Hardware stack levels required when called:    4
 This function calls:
		Nothing
 This function is called by:
		_ruoteRoutine
		_pow
		_exp
		_floor
 This function uses a non-reentrant model


 *************** function ___altoft *****************
 Defined at:
		line 42 in file "C:\Program Files (x86)\Microchip\xc8\v1.35\sources\common\altoft.c"
 Parameters:    Size  Location     Type
  c               4   15[BANK0 ] long 
 Auto vars:     Size  Location     Type
  sign            1   24[BANK0 ] unsigned char 
  exp             1   23[BANK0 ] unsigned char 
 Return value:  Size  Location     Type
                  3   15[BANK0 ] float 
 Registers used:
		wreg, status,2, status,0, cstack
 Tracked objects:
		On entry : 
		On exit  : 
		Unchanged: 
 Data sizes:     COMRAM   BANK0   BANK1   BANK2   BANK3   BANK4   BANK5
      Params:         0       4       0       0       0       0       0
      Locals:         0       2       0       0       0       0       0
      Temps:          0       4       0       0       0       0       0
      Totals:         0      10       0       0       0       0       0
Total ram usage:       10 bytes
 Hardware stack levels used:    1
 Hardware stack levels required when called:    5
 This function calls:
		___ftpack
 This function is called by:
		_floor
 This function uses a non-reentrant model


 *************** function ___ftsub *****************
 Defined at:
		line 20 in file "C:\Program Files (x86)\Microchip\xc8\v1.35\sources\common\ftsub.c"
 Parameters:    Size  Location     Type
  f1              3   54[BANK0 ] float 
  f2              3   57[BANK0 ] float 
 Auto vars:     Size  Location     Type
		None
 Return value:  Size  Location     Type
                  3   54[BANK0 ] float 
 Registers used:
		wreg, status,2, status,0, cstack
 Tracked objects:
		On entry : 
		On exit  : 
		Unchanged: 
 Data sizes:     COMRAM   BANK0   BANK1   BANK2   BANK3   BANK4   BANK5
      Params:         0       6       0       0       0       0       0
      Locals:         0       0       0       0       0       0       0
      Temps:          0       0       0       0       0       0       0
      Totals:         0       6       0       0       0       0       0
Total ram usage:        6 bytes
 Hardware stack levels used:    1
 Hardware stack levels required when called:    6
 This function calls:
		___ftadd
 This function is called by:
		_sqrt
		_exp
 This function uses a non-reentrant model


 *************** function ___awtoft *****************
 Defined at:
		line 32 in file "C:\Program Files (x86)\Microchip\xc8\v1.35\sources\common\awtoft.c"
 Parameters:    Size  Location     Type
  c               2    8[BANK0 ] int 
 Auto vars:     Size  Location     Type
  sign            1   11[BANK0 ] unsigned char 
 Return value:  Size  Location     Type
                  3    8[BANK0 ] float 
 Registers used:
		wreg, status,2, status,0, cstack
 Tracked objects:
		On entry : 
		On exit  : 
		Unchanged: 
 Data sizes:     COMRAM   BANK0   BANK1   BANK2   BANK3   BANK4   BANK5
      Params:         0       3       0       0       0       0       0
      Locals:         0       1       0       0       0       0       0
      Temps:          0       0       0       0       0       0       0
      Totals:         0       4       0       0       0       0       0
Total ram usage:        4 bytes
 Hardware stack levels used:    1
 Hardware stack levels required when called:    5
 This function calls:
		___ftpack
 This function is called by:
		_ruoteRoutine
		_exp
		_log
 This function uses a non-reentrant model


 *************** function ___lltoft *****************
 Defined at:
		line 35 in file "C:\Program Files (x86)\Microchip\xc8\v1.35\sources\common\lltoft.c"
 Parameters:    Size  Location     Type
  c               4    8[BANK0 ] unsigned long 
 Auto vars:     Size  Location     Type
  exp             1   16[BANK0 ] unsigned char 
 Return value:  Size  Location     Type
                  3    8[BANK0 ] float 
 Registers used:
		wreg, status,2, status,0, cstack
 Tracked objects:
		On entry : 
		On exit  : 
		Unchanged: 
 Data sizes:     COMRAM   BANK0   BANK1   BANK2   BANK3   BANK4   BANK5
      Params:         0       4       0       0       0       0       0
      Locals:         0       1       0       0       0       0       0
      Temps:          0       4       0       0       0       0       0
      Totals:         0       9       0       0       0       0       0
Total ram usage:        9 bytes
 Hardware stack levels used:    1
 Hardware stack levels required when called:    5
 This function calls:
		___ftpack
 This function is called by:
		_pow
 This function uses a non-reentrant model


 *************** function _atan *****************
 Defined at:
		line 8 in file "C:\Program Files (x86)\Microchip\xc8\v1.35\sources\common\atan.c"
 Parameters:    Size  Location     Type
  f               3   66[BANK0 ] float 
 Auto vars:     Size  Location     Type
  val             3   79[BANK0 ] float 
  val_squared     3   76[BANK0 ] float 
  x               3   72[BANK0 ] float 
  y               3   69[BANK0 ] float 
  recip           1   75[BANK0 ] unsigned char 
 Return value:  Size  Location     Type
                  3   66[BANK0 ] unsigned char 
 Registers used:
		wreg, status,2, status,0, tblptrl, tblptrh, tblptru, prodl, prodh, cstack
 Tracked objects:
		On entry : 
		On exit  : 
		Unchanged: 
 Data sizes:     COMRAM   BANK0   BANK1   BANK2   BANK3   BANK4   BANK5
      Params:         0       3       0       0       0       0       0
      Locals:         0      13       0       0       0       0       0
      Temps:          0       0       0       0       0       0       0
      Totals:         0      16       0       0       0       0       0
Total ram usage:       16 bytes
 Hardware stack levels used:    1
 Hardware stack levels required when called:    7
 This function calls:
		___ftadd
		___ftdiv
		___ftge
		___ftmul
		___ftneg
		_eval_poly
		_fabs
 This function is called by:
		_ruoteRoutine
 This function uses a non-reentrant model


 *************** function _fabs *****************
 Defined at:
		line 4 in file "C:\Program Files (x86)\Microchip\xc8\v1.35\sources\common\fabs.c"
 Parameters:    Size  Location     Type
  d               3   57[BANK0 ] unsigned char 
 Auto vars:     Size  Location     Type
		None
 Return value:  Size  Location     Type
                  3   57[BANK0 ] unsigned char 
 Registers used:
		wreg, status,2, status,0, cstack
 Tracked objects:
		On entry : 
		On exit  : 
		Unchanged: 
 Data sizes:     COMRAM   BANK0   BANK1   BANK2   BANK3   BANK4   BANK5
      Params:         0       3       0       0       0       0       0
      Locals:         0       0       0       0       0       0       0
      Temps:          0       0       0       0       0       0       0
      Totals:         0       3       0       0       0       0       0
Total ram usage:        3 bytes
 Hardware stack levels used:    1
 Hardware stack levels required when called:    5
 This function calls:
		___ftneg
 This function is called by:
		_atan
 This function uses a non-reentrant model


 *************** function ___ftneg *****************
 Defined at:
		line 15 in file "C:\Program Files (x86)\Microchip\xc8\v1.35\sources\common\ftneg.c"
 Parameters:    Size  Location     Type
  f1              3   54[BANK0 ] float 
 Auto vars:     Size  Location     Type
		None
 Return value:  Size  Location     Type
                  3   54[BANK0 ] float 
 Registers used:
		wreg, status,2, status,0
 Tracked objects:
		On entry : 
		On exit  : 
		Unchanged: 
 Data sizes:     COMRAM   BANK0   BANK1   BANK2   BANK3   BANK4   BANK5
      Params:         0       3       0       0       0       0       0
      Locals:         0       0       0       0       0       0       0
      Temps:          0       0       0       0       0       0       0
      Totals:         0       3       0       0       0       0       0
Total ram usage:        3 bytes
 Hardware stack levels used:    1
 Hardware stack levels required when called:    4
 This function calls:
		Nothing
 This function is called by:
		_ruoteRoutine
		_atan
		_fabs
		_pow
		_exp
 This function uses a non-reentrant model


 *************** function _eval_poly *****************
 Defined at:
		line 4 in file "C:\Program Files (x86)\Microchip\xc8\v1.35\sources\common\evalpoly.c"
 Parameters:    Size  Location     Type
  x               3   54[BANK0 ] float 
  d               2   57[BANK0 ] PTR const 
		 -> log@coeff(27), exp@coeff(30), atan@coeff_a(18), atan@coeff_b(15), 
  n               2   59[BANK0 ] int 
 Auto vars:     Size  Location     Type
  res             3   63[BANK0 ] int 
 Return value:  Size  Location     Type
                  3   54[BANK0 ] int 
 Registers used:
		wreg, status,2, status,0, tblptrl, tblptrh, tblptru, prodl, prodh, cstack
 Tracked objects:
		On entry : 
		On exit  : 
		Unchanged: 
 Data sizes:     COMRAM   BANK0   BANK1   BANK2   BANK3   BANK4   BANK5
      Params:         0       7       0       0       0       0       0
      Locals:         0       3       0       0       0       0       0
      Temps:          0       2       0       0       0       0       0
      Totals:         0      12       0       0       0       0       0
Total ram usage:       12 bytes
 Hardware stack levels used:    1
 Hardware stack levels required when called:    6
 This function calls:
		___ftadd
		___ftmul
		___wmul
 This function is called by:
		_atan
		_exp
		_log
 This function uses a non-reentrant model


 *************** function ___wmul *****************
 Defined at:
		line 15 in file "C:\Program Files (x86)\Microchip\xc8\v1.35\sources\common\Umul16.c"
 Parameters:    Size  Location     Type
  multiplier      2    0[BANK0 ] unsigned int 
  multiplicand    2    2[BANK0 ] unsigned int 
 Auto vars:     Size  Location     Type
  product         2    4[BANK0 ] unsigned int 
 Return value:  Size  Location     Type
                  2    0[BANK0 ] unsigned int 
 Registers used:
		wreg, status,2, status,0, prodl, prodh
 Tracked objects:
		On entry : 
		On exit  : 
		Unchanged: 
 Data sizes:     COMRAM   BANK0   BANK1   BANK2   BANK3   BANK4   BANK5
      Params:         0       4       0       0       0       0       0
      Locals:         0       2       0       0       0       0       0
      Temps:          0       0       0       0       0       0       0
      Totals:         0       6       0       0       0       0       0
Total ram usage:        6 bytes
 Hardware stack levels used:    1
 Hardware stack levels required when called:    4
 This function calls:
		Nothing
 This function is called by:
		_eval_poly
 This function uses a non-reentrant model


 *************** function ___ftmul *****************
 Defined at:
		line 62 in file "C:\Program Files (x86)\Microchip\xc8\v1.35\sources\common\ftmul.c"
 Parameters:    Size  Location     Type
  f1              3   12[BANK0 ] float 
  f2              3   15[BANK0 ] float 
 Auto vars:     Size  Location     Type
  f3_as_produc    3   22[BANK0 ] unsigned um
  sign            1   26[BANK0 ] unsigned char 
  cntr            1   25[BANK0 ] unsigned char 
  exp             1   21[BANK0 ] unsigned char 
 Return value:  Size  Location     Type
                  3   12[BANK0 ] float 
 Registers used:
		wreg, status,2, status,0, cstack
 Tracked objects:
		On entry : 
		On exit  : 
		Unchanged: 
 Data sizes:     COMRAM   BANK0   BANK1   BANK2   BANK3   BANK4   BANK5
      Params:         0       6       0       0       0       0       0
      Locals:         0       6       0       0       0       0       0
      Temps:          0       3       0       0       0       0       0
      Totals:         0      15       0       0       0       0       0
Total ram usage:       15 bytes
 Hardware stack levels used:    1
 Hardware stack levels required when called:    5
 This function calls:
		___ftpack
 This function is called by:
		_ruoteRoutine
		_atan
		_eval_poly
		_pow
		_sqrt
		_exp
		_log
 This function uses a non-reentrant model


 *************** function ___ftadd *****************
 Defined at:
		line 86 in file "C:\Program Files (x86)\Microchip\xc8\v1.35\sources\common\ftadd.c"
 Parameters:    Size  Location     Type
  f1              3   42[BANK0 ] float 
  f2              3   45[BANK0 ] float 
 Auto vars:     Size  Location     Type
  exp1            1   53[BANK0 ] unsigned char 
  exp2            1   52[BANK0 ] unsigned char 
  sign            1   51[BANK0 ] unsigned char 
 Return value:  Size  Location     Type
                  3   42[BANK0 ] float 
 Registers used:
		wreg, status,2, status,0, cstack
 Tracked objects:
		On entry : 
		On exit  : 
		Unchanged: 
 Data sizes:     COMRAM   BANK0   BANK1   BANK2   BANK3   BANK4   BANK5
      Params:         0       6       0       0       0       0       0
      Locals:         0       3       0       0       0       0       0
      Temps:          0       3       0       0       0       0       0
      Totals:         0      12       0       0       0       0       0
Total ram usage:       12 bytes
 Hardware stack levels used:    1
 Hardware stack levels required when called:    5
 This function calls:
		___ftpack
 This function is called by:
		_ruoteRoutine
		_atan
		_eval_poly
		___ftsub
		_floor
		_log
 This function uses a non-reentrant model


 *************** function ___ftge *****************
 Defined at:
		line 4 in file "C:\Program Files (x86)\Microchip\xc8\v1.35\sources\common\ftge.c"
 Parameters:    Size  Location     Type
  ff1             3   57[BANK0 ] float 
  ff2             3   60[BANK0 ] float 
 Auto vars:     Size  Location     Type
		None
 Return value:  Size  Location     Type
		None               void
 Registers used:
		wreg, status,2, status,0
 Tracked objects:
		On entry : 
		On exit  : 
		Unchanged: 
 Data sizes:     COMRAM   BANK0   BANK1   BANK2   BANK3   BANK4   BANK5
      Params:         0       6       0       0       0       0       0
      Locals:         0       0       0       0       0       0       0
      Temps:          0       3       0       0       0       0       0
      Totals:         0       9       0       0       0       0       0
Total ram usage:        9 bytes
 Hardware stack levels used:    1
 Hardware stack levels required when called:    4
 This function calls:
		Nothing
 This function is called by:
		_ruoteRoutine
		_atan
		_pow
		_sqrt
		_exp
		_floor
 This function uses a non-reentrant model


 *************** function ___ftdiv *****************
 Defined at:
		line 54 in file "C:\Program Files (x86)\Microchip\xc8\v1.35\sources\common\ftdiv.c"
 Parameters:    Size  Location     Type
  f1              3   27[BANK0 ] float 
  f2              3   30[BANK0 ] float 
 Auto vars:     Size  Location     Type
  f3              3   37[BANK0 ] float 
  sign            1   41[BANK0 ] unsigned char 
  exp             1   40[BANK0 ] unsigned char 
  cntr            1   36[BANK0 ] unsigned char 
 Return value:  Size  Location     Type
                  3   27[BANK0 ] float 
 Registers used:
		wreg, status,2, status,0, cstack
 Tracked objects:
		On entry : 
		On exit  : 
		Unchanged: 
 Data sizes:     COMRAM   BANK0   BANK1   BANK2   BANK3   BANK4   BANK5
      Params:         0       6       0       0       0       0       0
      Locals:         0       6       0       0       0       0       0
      Temps:          0       3       0       0       0       0       0
      Totals:         0      15       0       0       0       0       0
Total ram usage:       15 bytes
 Hardware stack levels used:    1
 Hardware stack levels required when called:    5
 This function calls:
		___ftpack
 This function is called by:
		_ruoteRoutine
		_atan
		_exp
 This function uses a non-reentrant model


 *************** function ___ftpack *****************
 Defined at:
		line 62 in file "C:\Program Files (x86)\Microchip\xc8\v1.35\sources\common\float.c"
 Parameters:    Size  Location     Type
  arg             3    0[BANK0 ] unsigned um
  exp             1    3[BANK0 ] unsigned char 
  sign            1    4[BANK0 ] unsigned char 
 Auto vars:     Size  Location     Type
		None
 Return value:  Size  Location     Type
                  3    0[BANK0 ] float 
 Registers used:
		wreg, status,2, status,0
 Tracked objects:
		On entry : 
		On exit  : 
		Unchanged: 
 Data sizes:     COMRAM   BANK0   BANK1   BANK2   BANK3   BANK4   BANK5
      Params:         0       5       0       0       0       0       0
      Locals:         0       0       0       0       0       0       0
      Temps:          0       3       0       0       0       0       0
[...]
		wreg, status,2, status,0
 Tracked objects:
		On entry : 
		On exit  : 
		Unchanged: 
 Data sizes:     COMRAM   BANK0   BANK1   BANK2   BANK3   BANK4   BANK5
      Params:         0       0       0       0       0       0       0
      Locals:         0       0       0       0       0       0       0
      Temps:          0       1       0       0       0       0       0
      Totals:         0       1       0       0       0       0       0
Total ram usage:        1 bytes
 Hardware stack levels used:    1
 Hardware stack levels required when called:    4
 This function calls:
		Nothing
 This function is called by:
		_canSetup
 This function uses a non-reentrant model


 *************** function _canConfigMode *****************
 Defined at:
		line 33 in file "C:\Users\battaglino.11077\Desktop\Software_SchedaMaster v.2\CAN.c"
 Parameters:    Size  Location     Type
		None
 Auto vars:     Size  Location     Type
		None
 Return value:  Size  Location     Type
		None               void
 Registers used:
		wreg, status,2, status,0
 Tracked objects:
		On entry : 
		On exit  : 
		Unchanged: 
 Data sizes:     COMRAM   BANK0   BANK1   BANK2   BANK3   BANK4   BANK5
      Params:         0       0       0       0       0       0       0
      Locals:         0       0       0       0       0       0       0
      Temps:          0       0       0       0       0       0       0
      Totals:         0       0       0       0       0       0       0
Total ram usage:        0 bytes
 Hardware stack levels used:    1
 Hardware stack levels required when called:    4
 This function calls:
		Nothing
 This function is called by:
		_canSetup
 This function uses a non-reentrant model


 *************** function _cameraRoutine *****************
 Defined at:
		line 83 in file "C:\Users\battaglino.11077\Desktop\Software_SchedaMaster v.2\schedaMaster.c"
 Parameters:    Size  Location     Type
		None
 Auto vars:     Size  Location     Type
		None
 Return value:  Size  Location     Type
		None               void
 Registers used:
		wreg, fsr2l, fsr2h, status,2, status,0, cstack
 Tracked objects:
		On entry : 
		On exit  : 
		Unchanged: 
 Data sizes:     COMRAM   BANK0   BANK1   BANK2   BANK3   BANK4   BANK5
      Params:         0       0       0       0       0       0       0
      Locals:         0       0       0       0       0       0       0
      Temps:          0       0       0       0       0       0       0
      Totals:         0       0       0       0       0       0       0
Total ram usage:        0 bytes
 Hardware stack levels used:    1
 Hardware stack levels required when called:    5
 This function calls:
		_canTX
 This function is called by:
		_main
 This function uses a non-reentrant model


 *************** function _canTX *****************
 Defined at:
		line 50 in file "C:\Users\battaglino.11077\Desktop\Software_SchedaMaster v.2\CAN.c"
 Parameters:    Size  Location     Type
  nData           2   15[BANK0 ] int 
 Auto vars:     Size  Location     Type
  ap              2   31[BANK0 ] PTR void [1]
		 -> ?_canTX(0), 
 Return value:  Size  Location     Type
		None               void
 Registers used:
		wreg, fsr2l, fsr2h, status,2, status,0
 Tracked objects:
		On entry : 
		On exit  : 
		Unchanged: 
 Data sizes:     COMRAM   BANK0   BANK1   BANK2   BANK3   BANK4   BANK5
      Params:         0      16       0       0       0       0       0
      Locals:         0       2       0       0       0       0       0
      Temps:          0       0       0       0       0       0       0
      Totals:         0      18       0       0       0       0       0
Total ram usage:       18 bytes
 Hardware stack levels used:    1
 Hardware stack levels required when called:    4
 This function calls:
		Nothing
 This function is called by:
		_main
		_cameraRoutine
		_trapanoRoutine
		_ruoteRoutine
 This function uses a non-reentrant model


 *************** function _bluetoothSetup *****************
 Defined at:
		line 1 in file "C:\Users\battaglino.11077\Desktop\Software_SchedaMaster v.2\Bluetooth.c"
 Parameters:    Size  Location     Type
		None
 Auto vars:     Size  Location     Type
		None
 Return value:  Size  Location     Type
		None               void
 Registers used:
		wreg, status,2
 Tracked objects:
		On entry : 
		On exit  : 
		Unchanged: 
 Data sizes:     COMRAM   BANK0   BANK1   BANK2   BANK3   BANK4   BANK5
      Params:         0       0       0       0       0       0       0
      Locals:         0       0       0       0       0       0       0
      Temps:          0       0       0       0       0       0       0
      Totals:         0       0       0       0       0       0       0
Total ram usage:        0 bytes
 Hardware stack levels used:    1
 Hardware stack levels required when called:    4
 This function calls:
		Nothing
 This function is called by:
		_main
 This function uses a non-reentrant model


 *************** function _bluetoothRX *****************
 Defined at:
		line 28 in file "C:\Users\battaglino.11077\Desktop\Software_SchedaMaster v.2\Bluetooth.c"
 Parameters:    Size  Location     Type
		None
 Auto vars:     Size  Location     Type
  RXdato1         1    4[BANK0 ] unsigned char 
  RXdato2         1    3[BANK0 ] unsigned char 
  RXdato3         1    2[BANK0 ] unsigned char 
  n               1    1[BANK0 ] unsigned char 
  GEN_CRC         1    0        unsigned char 
  RX_CRC          1    0        unsigned char 
 Return value:  Size  Location     Type
		None               void
 Registers used:
		wreg, status,2, status,0, prodl, prodh
 Tracked objects:
		On entry : 
		On exit  : 
		Unchanged: 
 Data sizes:     COMRAM   BANK0   BANK1   BANK2   BANK3   BANK4   BANK5
      Params:         0       0       0       0       0       0       0
      Locals:         0       4       0       0       0       0       0
      Temps:          0       1       0       0       0       0       0
      Totals:         0       5       0       0       0       0       0
Total ram usage:        5 bytes
 Hardware stack levels used:    1
 Hardware stack levels required when called:    4
 This function calls:
		Nothing
 This function is called by:
		_main
 This function uses a non-reentrant model


 *************** function _my_ISR *****************
 Defined at:
		line 59 in file "C:\Users\battaglino.11077\Desktop\Software_SchedaMaster v.2\schedaMaster.c"
 Parameters:    Size  Location     Type
		None
 Auto vars:     Size  Location     Type
		None
 Return value:  Size  Location     Type
		None               void
 Registers used:
		wreg, fsr2l, fsr2h, status,2, status,0, prodl, prodh, cstack
 Tracked objects:
		On entry : 
		On exit  : 
		Unchanged: 
 Data sizes:     COMRAM   BANK0   BANK1   BANK2   BANK3   BANK4   BANK5
      Params:         0       0       0       0       0       0       0
      Locals:         0       0       0       0       0       0       0
      Temps:         14       0       0       0       0       0       0
      Totals:        14       0       0       0       0       0       0
Total ram usage:       14 bytes
 Hardware stack levels used:    1
 Hardware stack levels required when called:    3
 This function calls:
		_canRX
 This function is called by:
		Interrupt level 2
 This function uses a non-reentrant model


 *************** function _canRX *****************
 Defined at:
		line 69 in file "C:\Users\battaglino.11077\Desktop\Software_SchedaMaster v.2\CAN.c"
 Parameters:    Size  Location     Type
		None
 Auto vars:     Size  Location     Type
  canRX           8   24[COMRAM] unsigned char [8]
  DLC             1   32[COMRAM] unsigned char 
  ID              1   23[COMRAM] unsigned char 
 Return value:  Size  Location     Type
		None               void
 Registers used:
		wreg, fsr2l, fsr2h, status,2, status,0, prodl, prodh, cstack
 Tracked objects:
		On entry : 
		On exit  : 
		Unchanged: 
 Data sizes:     COMRAM   BANK0   BANK1   BANK2   BANK3   BANK4   BANK5
      Params:         0       0       0       0       0       0       0
      Locals:        10       0       0       0       0       0       0
      Temps:          2       0       0       0       0       0       0
      Totals:        12       0       0       0       0       0       0
Total ram usage:       12 bytes
 Hardware stack levels used:    1
 Hardware stack levels required when called:    2
 This function calls:
		___lbtoft
		___lwtoft
		i2___ftge
 This function is called by:
		_my_ISR
 This function uses a non-reentrant model


 *************** function i2___ftge *****************
 Defined at:
		line 4 in file "C:\Program Files (x86)\Microchip\xc8\v1.35\sources\common\ftge.c"
 Parameters:    Size  Location     Type
  ff1             3   12[COMRAM] float 
  ff2             3   15[COMRAM] float 
 Auto vars:     Size  Location     Type
		None
 Return value:  Size  Location     Type
		None               void
 Registers used:
		wreg, status,2, status,0
 Tracked objects:
		On entry : 
		On exit  : 
		Unchanged: 
 Data sizes:     COMRAM   BANK0   BANK1   BANK2   BANK3   BANK4   BANK5
      Params:         6       0       0       0       0       0       0
      Locals:         0       0       0       0       0       0       0
      Temps:          3       0       0       0       0       0       0
      Totals:         9       0       0       0       0       0       0
Total ram usage:        9 bytes
 Hardware stack levels used:    1
 This function calls:
		Nothing
 This function is called by:
		_canRX
 This function uses a non-reentrant model


 *************** function ___lwtoft *****************
 Defined at:
		line 28 in file "C:\Program Files (x86)\Microchip\xc8\v1.35\sources\common\lwtoft.c"
 Parameters:    Size  Location     Type
  c               2    8[COMRAM] unsigned int 
 Auto vars:     Size  Location     Type
		None
 Return value:  Size  Location     Type
                  3    8[COMRAM] float 
 Registers used:
		wreg, status,2, status,0, cstack
 Tracked objects:
		On entry : 
		On exit  : 
		Unchanged: 
 Data sizes:     COMRAM   BANK0   BANK1   BANK2   BANK3   BANK4   BANK5
      Params:         3       0       0       0       0       0       0
      Locals:         0       0       0       0       0       0       0
      Temps:          0       0       0       0       0       0       0
      Totals:         3       0       0       0       0       0       0
Total ram usage:        3 bytes
 Hardware stack levels used:    1
 Hardware stack levels required when called:    1
 This function calls:
		i2___ftpack
 This function is called by:
		_canRX
 This function uses a non-reentrant model


 *************** function ___lbtoft *****************
 Defined at:
		line 27 in file "C:\Program Files (x86)\Microchip\xc8\v1.35\sources\common\lbtoft.c"
 Parameters:    Size  Location     Type
  c               1    wreg     unsigned char 
 Auto vars:     Size  Location     Type
  c               1   11[COMRAM] unsigned char 
 Return value:  Size  Location     Type
                  3    8[COMRAM] float 
 Registers used:
		wreg, status,2, status,0, cstack
 Tracked objects:
		On entry : 
		On exit  : 
		Unchanged: 
 Data sizes:     COMRAM   BANK0   BANK1   BANK2   BANK3   BANK4   BANK5
      Params:         3       0       0       0       0       0       0
      Locals:         1       0       0       0       0       0       0
      Temps:          0       0       0       0       0       0       0
      Totals:         4       0       0       0       0       0       0
Total ram usage:        4 bytes
 Hardware stack levels used:    1
 Hardware stack levels required when called:    1
 This function calls:
		i2___ftpack
 This function is called by:
		_canRX
 This function uses a non-reentrant model


 *************** function i2___ftpack *****************
 Defined at:
		line 62 in file "C:\Program Files (x86)\Microchip\xc8\v1.35\sources\common\float.c"
 Parameters:    Size  Location     Type
  arg             3    0[COMRAM] unsigned um
  exp             1    3[COMRAM] unsigned char 
  sign            1    4[COMRAM] unsigned char 
 Auto vars:     Size  Location     Type
		None
 Return value:  Size  Location     Type
                  3    0[COMRAM] float 
 Registers used:
		wreg, status,2, status,0
 Tracked objects:
		On entry : 
		On exit  : 
		Unchanged: 
 Data sizes:     COMRAM   BANK0   BANK1   BANK2   BANK3   BANK4   BANK5
      Params:         5       0       0       0       0       0       0
      Locals:         0       0       0       0       0       0       0
      Temps:          3       0       0       0       0       0       0
      Totals:         8       0       0       0       0       0       0
Total ram usage:        8 bytes
 Hardware stack levels used:    1
 This function calls:
		Nothing
 This function is called by:
		___lbtoft
		___lwtoft
 This function uses a non-reentrant model



MODULE INFORMATION

Module		Function		Class		Link	Load	Size
C:\Program Files (x86)\Microchip\xc8\v1.35\sources\common\exp.c
		_exp           		CODE           	357E	0000	571

C:\Program Files (x86)\Microchip\xc8\v1.35\sources\common\exp.c estimated size: 571

C:\Program Files (x86)\Microchip\xc8\v1.35\sources\common\ftadd.c
		___ftadd       		CODE           	3316	0000	617

C:\Program Files (x86)\Microchip\xc8\v1.35\sources\common\ftadd.c estimated size: 617

C:\Users\battaglino.11077\Desktop\Software_SchedaMaster v.2\CAN.c
		_canNormalMode 		CODE           	5082	0000	21
		_canRX         		CODE           	2DAE	0000	1385
		_canTX         		CODE           	457C	0000	255
		_canSetup      		CODE           	4E28	0000	89
		_canConfigMode 		CODE           	50A8	0000	17

C:\Users\battaglino.11077\Desktop\Software_SchedaMaster v.2\CAN.c estimated size: 1767

C:\Program Files (x86)\Microchip\xc8\v1.35\sources\common\ftge.c
		___ftge        		CODE           	4864	0000	201

C:\Program Files (x86)\Microchip\xc8\v1.35\sources\common\ftge.c estimated size: 201

C:\Program Files (x86)\Microchip\xc8\v1.35\sources\common\fabs.c
		_fabs          		CODE           	4FBC	0000	51

C:\Program Files (x86)\Microchip\xc8\v1.35\sources\common\fabs.c estimated size: 51

C:\Program Files (x86)\Microchip\xc8\v1.35\sources\common\log.c
		_log           		CODE           	3E7A	0000	337

C:\Program Files (x86)\Microchip\xc8\v1.35\sources\common\log.c estimated size: 337

C:\Program Files (x86)\Microchip\xc8\v1.35\sources\common\lwtoft.c
		___lwtoft      		CODE           	501E	0000	37

C:\Program Files (x86)\Microchip\xc8\v1.35\sources\common\lwtoft.c estimated size: 37

C:\Users\battaglino.11077\Desktop\Software_SchedaMaster v.2\schedaMaster.c
		_cameraRoutine 		CODE           	4F4C	0000	59
		_main          		CODE           	4D2E	0000	127
		_ruoteRoutine  		CODE           	06A2	0000	9997
		_my_ISR        		CODE           	0008	0000	215
		_picSetup      		CODE           	5096	0000	19
		_trapanoRoutine		CODE           	49F4	0000	177

C:\Users\battaglino.11077\Desktop\Software_SchedaMaster v.2\schedaMaster.c estimated size: 10594

C:\Program Files (x86)\Microchip\xc8\v1.35\sources\common\ftneg.c
		___ftneg       		CODE           	4FEE	0000	49

C:\Program Files (x86)\Microchip\xc8\v1.35\sources\common\ftneg.c estimated size: 49

C:\Program Files (x86)\Microchip\xc8\v1.35\sources\common\awtoft.c
		___awtoft      		CODE           	4ECC	0000	69

C:\Program Files (x86)\Microchip\xc8\v1.35\sources\common\awtoft.c estimated size: 69

C:\Program Files (x86)\Microchip\xc8\v1.35\sources\common\lbtoft.c
		___lbtoft      		CODE           	5042	0000	37

C:\Program Files (x86)\Microchip\xc8\v1.35\sources\common\lbtoft.c estimated size: 37

C:\Program Files (x86)\Microchip\xc8\v1.35\sources\common\altoft.c
		___altoft      		CODE           	4C00	0000	159

C:\Program Files (x86)\Microchip\xc8\v1.35\sources\common\altoft.c estimated size: 159

C:\Program Files (x86)\Microchip\xc8\v1.35\sources\common\ftsub.c
		___ftsub       		CODE           	4E80	0000	77

C:\Program Files (x86)\Microchip\xc8\v1.35\sources\common\ftsub.c estimated size: 77

C:\Program Files (x86)\Microchip\xc8\v1.35\sources\common\float.c
		___ftpack      		CODE           	4372	0000	269

C:\Program Files (x86)\Microchip\xc8\v1.35\sources\common\float.c estimated size: 269

C:\Program Files (x86)\Microchip\xc8\v1.35\sources\common\pow.c
		_pow           		CODE           	3B68	0000	437

C:\Program Files (x86)\Microchip\xc8\v1.35\sources\common\pow.c estimated size: 437

C:\Program Files (x86)\Microchip\xc8\v1.35\sources\common\evalpoly.c
		_eval_poly     		CODE           	4778	0000	237

C:\Program Files (x86)\Microchip\xc8\v1.35\sources\common\evalpoly.c estimated size: 237

C:\Program Files (x86)\Microchip\xc8\v1.35\sources\common\sprcsqrt.c
		_sqrt          		CODE           	39AA	0000	447

C:\Program Files (x86)\Microchip\xc8\v1.35\sources\common\sprcsqrt.c estimated size: 447

C:\Program Files (x86)\Microchip\xc8\v1.35\sources\common\lltoft.c
		___lltoft      		CODE           	4DAC	0000	125

C:\Program Files (x86)\Microchip\xc8\v1.35\sources\common\lltoft.c estimated size: 125

C:\Program Files (x86)\Microchip\xc8\v1.35\sources\common\atan.c
		_atan          		CODE           	37B8	0000	499

C:\Program Files (x86)\Microchip\xc8\v1.35\sources\common\atan.c estimated size: 499

C:\Program Files (x86)\Microchip\xc8\v1.35\sources\common\frexp.c
		_ldexp         		CODE           	425A	0000	281
		_frexp         		CODE           	4AA4	0000	175

C:\Program Files (x86)\Microchip\xc8\v1.35\sources\common\frexp.c estimated size: 456

shared
		exp@coeff      		SMALLCONST     	061A	0000	31
		_RADtoDEG      		SMALLCONST     	0614	0000	4
		_dpowers       		SMALLCONST     	0000	0000	0
		i2___ftge      		CODE           	4C9E	0000	145
		atan@coeff_a   		SMALLCONST     	0653	0000	19
		atan@coeff_b   		SMALLCONST     	0665	0000	16
		_gradiBit      		SMALLCONST     	0674	0000	4
		_maxVel        		SMALLCONST     	0617	0000	4
		i2___ftpack    		CODE           	4B52	0000	175
		__initialization		CODE           	4F10	0000	47
		_pigreco       		SMALLCONST     	0677	0000	4
		log@coeff      		SMALLCONST     	0638	0000	28
		_D1            		SMALLCONST     	060B	0000	4
		_D2            		SMALLCONST     	060E	0000	4
		_L             		SMALLCONST     	0611	0000	4

shared estimated size: 489

C:\Program Files (x86)\Microchip\xc8\v1.35\sources\common\floor.c
		_floor         		CODE           	447E	0000	255

C:\Program Files (x86)\Microchip\xc8\v1.35\sources\common\floor.c estimated size: 255

C:\Program Files (x86)\Microchip\xc8\v1.35\sources\common\ftmul.c
		___ftmul       		CODE           	3D1C	0000	351

C:\Program Files (x86)\Microchip\xc8\v1.35\sources\common\ftmul.c estimated size: 351

C:\Program Files (x86)\Microchip\xc8\v1.35\sources\common\ftdiv.c
		___ftdiv       		CODE           	3FCA	0000	333

C:\Program Files (x86)\Microchip\xc8\v1.35\sources\common\ftdiv.c estimated size: 333

C:\Users\battaglino.11077\Desktop\Software_SchedaMaster v.2\Bluetooth.c
		_bluetoothRX   		CODE           	467A	0000	255
		_bluetoothSetup		CODE           	5066	0000	29

C:\Users\battaglino.11077\Desktop\Software_SchedaMaster v.2\Bluetooth.c estimated size: 284

C:\Program Files (x86)\Microchip\xc8\v1.35\sources\common\Umul16.c
		___wmul        		CODE           	4F86	0000	55

C:\Program Files (x86)\Microchip\xc8\v1.35\sources\common\Umul16.c estimated size: 55

C:\Program Files (x86)\Microchip\xc8\v1.35\sources\common\fttol.c
		___fttol       		CODE           	4116	0000	325

C:\Program Files (x86)\Microchip\xc8\v1.35\sources\common\fttol.c estimated size: 325

